// Vitest Snapshot v1, https://vitest.dev/guide/snapshot.html

exports[`BSO Collection Log Groups/Categories 1`] = `
"Abyssal Sire (9)
Achievement Diary (48)
Aerial Fishing (9)
Akumu (4)
Alchemical Hydra (11)
All Pets (57)
All Pets (57)
Balthazar's Big Bonanza (26)
Barbarian Assault (11)
Barrows Chests (25)
Baxtorian Bathhouses (4)
Beginner Treasure Trails (16)
Birthday crate (s2) (20)
Brimhaven Agility Arena (8)
Bryophyta (1)
BSO Birthday 2022 (4)
BSO Birthday 2023 (5)
Callisto and Artio (6)
Camdozaal (10)
Capes (189)
Castle Wars (44)
Celestara (4)
Cerberus (7)
Chamber's of Xeric (23)
Champion's Challenge (11)
Chaos Druids (3)
Chaos Elemental (3)
Chaos Fanatic (3)
Chompy Birds (19)
Christmas 2021 (27)
Christmas 2022 (15)
Christmas 2023 (15)
Christmas Cracker (10)
Clothing Mystery Box (195)
Commander Zilyana (8)
Cooking (28)
Corporeal Beast (8)
Crafting (175)
Crazy archaeologist (3)
Creatables (750)
Creature Creation (7)
Custom Pets (47)
Custom Pets (Discontinued) (20)
Cyclopes (8)
Dagannoth Kings (10)
Daily (29)
Depths of Atlantis (14)
Divination (43)
Divine Dominion (16)
Duke Sucellus (8)
Dungeoneering (45)
Dyed Items (83)
Dyed Items (Discontinued) (18)
Easter 2022 (3)
Easter 2023 (13)
Easter crate (s5) (14)
Easy Treasure Trails (131)
Elder Treasure Trails (61)
Elite Treasure Trail Rewards (Rare) (39)
Elite Treasure Trails (59)
Emerged Zuk Inferno (4)
Expert Capes (4)
Farming (178)
Festive crate (s4) (27)
Fishing Contest (11)
Fishing Trawler (4)
Fist of Guthix (6)
Fletching (145)
Forestry (23)
Fossil Island Notes (10)
General Graardor (8)
Giant Mole (3)
Giants' Foundry (9)
Glough's Experiments (6)
Gnome Restaurant (4)
God Wars Dungeon (35)
Graceful (67)
Grandmaster Treasure Trails (19)
Grandmaster Treasure Trails (Rare) (9)
Grotesque Guardians (7)
Growable Pets (28)
Guardians of the Rift (17)
Guthixian Caches (5)
Hallowed Sepulchre (16)
Halloween 2021 (22)
Halloween 2022 (12)
Halloween 2023 (23)
Hard Treasure Trail Rewards (Rare) (24)
Hard Treasure Trails (134)
Herblore (130)
Hespori (4)
Holiday Mystery box (128)
Ignecarus (4)
Implings (16)
Invention (22)
K'ril Tsutsaroth (8)
Kalphite King (8)
Kalphite Queen (5)
Kibble (3)
King Black Dragon (4)
King Goldemar (4)
Kraken (4)
Kree'arra (8)
Last Man Standing (32)
Leagues (2)
Mad Marimbo's Monkey Rumble (13)
Magic Training Arena (10)
Mahogany Homes (8)
Malygos (4)
Master Capes (26)
Master Treasure Trail Rewards (Rare) (45)
Master Treasure Trails (49)
Medium Treasure Trails (115)
Miscellaneous (57)
Miscelleanous (Discontinued) (4)
Moktang (5)
Monkey Backpacks (6)
Motherlode Mine (6)
Naxxus (5)
Nex (21)
Nihiliz (4)
Obor (1)
Ourania Delivery Service (12)
Pest Control (10)
Phantom Muspah (6)
Polypore Dungeon (13)
Queen Black Dragon (8)
Quest (17)
Random Events (23)
Rare Treasure Trail Rewards (108)
Revenants (14)
Rogues' Den (5)
Rooftop Agility (10)
Sarachnis (4)
Scorpia (3)
Scurrius (2)
Sea Kraken (3)
Shades of Mort'ton (15)
Shared Treasure Trail Rewards (49)
Shayzien Armour (25)
Shooting Stars (2)
Skilling Misc (41)
Skilling Pets (8)
Skotizo (6)
Slayer (80)
Slayer Masks/Helms (32)
Smithing (200)
Solis (3)
Soul Wars (3)
Spectator Clothes (22)
Spooky crate (s3) (22)
Stealing Creation (6)
Supply crate (s1) (19)
Tame Gear (25)
Temple Trekking (4)
Tempoross (12)
Thanksgiving 2021 (5)
The Fight Caves (2)
The Forgotten Four (29)
The Gauntlet (5)
The Inferno (2)
The Leviathan (7)
The Nightmare (12)
The Whisperer (7)
Theatre of Blood (22)
Thermonuclear smoke devil (5)
Tinkering Workshop (7)
Tithe Farm (7)
Tombs of Amascut (26)
Tormented Demons (6)
Treebeard (10)
Trouble Brewing (34)
TzHaar (10)
Vardorvis (7)
Vasa Magus (5)
Venatrix (4)
Venenatis and Spindel (6)
Vet'ion and Calvar'ion (6)
Vladimir Drakan (8)
Volcanic Mine (4)
Vorkath (6)
Wintertodt (11)
Zalcano (4)
Zulrah (11)"
`;

exports[`BSO Overall Collection Log Items 1`] = `
"2nd age bow
2nd age mage bottom
2nd age mage mask
2nd age mage top
2nd age range coif
2nd age range legs
2nd age range top
2nd age staff
3rd age amulet
3rd age axe
3rd age bow
3rd age cloak
3rd age druidic cloak
3rd age druidic robe bottoms
3rd age druidic robe top
3rd age druidic staff
3rd age full helmet
3rd age jibwings
3rd age jibwings (e)
3rd age kiteshield
3rd age longsword
3rd age mage hat
3rd age pickaxe
3rd age platebody
3rd age platelegs
3rd age plateskirt
3rd age range coif
3rd age range legs
3rd age range top
3rd age robe
3rd age robe top
3rd age vambraces
3rd age wand
A powdered wig
A stylish hat (female, green)
A stylish hat (female, maroon)
A stylish hat (female, yellow)
A stylish hat (male, green)
A stylish hat (male, maroon)
A stylish hat (male, yellow)
Aberrant mask
Aberrant slayer helm
Abyssal amulet
Abyssal blue dye
Abyssal cape
Abyssal dagger
Abyssal gem
Abyssal green dye
Abyssal head
Abyssal jibwings
Abyssal jibwings (e)
Abyssal lantern
Abyssal mask
Abyssal needle
Abyssal orphan
Abyssal pearls
Abyssal pouch
Abyssal protector
Abyssal red dye
Abyssal slayer helm
Abyssal thread
Abyssal whip
Acrobat set
Adamant berserker shield
Adamant boots
Adamant cane
Adamant defender
Adamant dragon mask
Adamant full helm (g)
Adamant full helm (t)
Adamant helm (h1)
Adamant helm (h2)
Adamant helm (h3)
Adamant helm (h4)
Adamant helm (h5)
Adamant kiteshield (g)
Adamant kiteshield (t)
Adamant platebody (g)
Adamant platebody (h1)
Adamant platebody (h2)
Adamant platebody (h3)
Adamant platebody (h4)
Adamant platebody (h5)
Adamant platebody (t)
Adamant platelegs (g)
Adamant platelegs (t)
Adamant plateskirt (g)
Adamant plateskirt (t)
Adamant shield (h1)
Adamant shield (h2)
Adamant shield (h3)
Adamant shield (h4)
Adamant shield (h5)
Adamant spikeshield
Adamantite stone spirit
Afro
Agility arena ticket
Ahrim's hood
Ahrim's robeskirt
Ahrim's robetop
Ahrim's staff
Akumu mask
Alchemical hydra heads
Ale of the gods
Amulet of avarice
Amulet of defence (t)
Amulet of eternal glory
Amulet of glory (t4)
Amulet of magic (t)
Amulet of power (t)
Amulet of the damned (full)
Amulet of zealots
Amy's saw
Ancestral hat
Ancestral robe bottom
Ancestral robe top
Ancient astroscope
Ancient blessing
Ancient bracers
Ancient carcanet
Ancient ceremonial boots
Ancient ceremonial gloves
Ancient ceremonial legs
Ancient ceremonial mask
Ancient ceremonial top
Ancient chaps
Ancient cloak
Ancient coif
Ancient crozier
Ancient crystal
Ancient d'hide body
Ancient d'hide boots
Ancient d'hide shield
Ancient effigy
Ancient emblem
Ancient energy
Ancient essence
Ancient full helm
Ancient globe
Ancient halo
Ancient hilt
Ancient icon
Ancient kiteshield
Ancient ledger
Ancient medallion
Ancient mitre
Ancient note
Ancient page 1
Ancient page 2
Ancient page 3
Ancient page 4
Ancient platebody
Ancient platelegs
Ancient plateskirt
Ancient relic
Ancient remnant
Ancient robe legs
Ancient robe top
Ancient shard
Ancient statuette
Ancient stole
Ancient totem
Ancient treatise
Ancient writings
Angler boots
Angler hat
Angler top
Angler waders
Anguish ornament kit
Ankou gloves
Ankou mask
Ankou socks
Ankou top
Ankou's leggings
Apple parasol
Apprentice wand
Aquifer aegis
Arcane blast necklace
Arcane harvester
Arcane prayer scroll
Arcane sigil
Arceuus banner
Arceuus hood
Arceuus scarf
Archers ring
Armadyl bracers
Armadyl chainskirt
Armadyl chaps
Armadyl chestplate
Armadyl cloak
Armadyl coif
Armadyl crossbow
Armadyl crozier
Armadyl d'hide body
Armadyl d'hide boots
Armadyl d'hide shield
Armadyl full helm
Armadyl godsword ornament kit
Armadyl halo
Armadyl helmet
Armadyl hilt
Armadyl kiteshield
Armadyl mitre
Armadyl page 1
Armadyl page 2
Armadyl page 3
Armadyl page 4
Armadyl platebody
Armadyl platelegs
Armadyl plateskirt
Armadyl robe legs
Armadyl robe top
Armadyl stole
Ash covered tome
Athelas seed
Attas seed
Average lamp
Avernic defender hilt
Avocado seed
Awakener's orb
Baby chinchompa
Baby duckling
Baby guthix raptor
Baby kalphite king
Baby mole
Baby raven
Baby saradomin owl
Baby venatrix
Baby yaga house
Baby zamorak hawk
Ballista limbs
Ballista spring
Balloon cat
Banana enchantment scroll
Bandos boots
Bandos bracers
Bandos chaps
Bandos chestplate
Bandos cloak
Bandos coif
Bandos crozier
Bandos d'hide body
Bandos d'hide boots
Bandos d'hide shield
Bandos full helm
Bandos godsword ornament kit
Bandos halo
Bandos hilt
Bandos kiteshield
Bandos mitre
Bandos page 1
Bandos page 2
Bandos page 3
Bandos page 4
Bandos platebody
Bandos platelegs
Bandos plateskirt
Bandos robe legs
Bandos robe top
Bandos stole
Bandos tassets
Banshee slayer helm
Banshee's mask
Baron
Barronite guard
Barronite handle
Barronite head
Barronite mace
Barrows igne armor
Barrows igne claws
Basic tackle box
Basilisk head
Basilisk jaw
Basilisk mask
Basilisk slayer helm
Battlestaff
Beanie
Bear feet
Beaver
Beekeeper's boots
Beekeeper's gloves
Beekeeper's hat
Beekeeper's legs
Beekeeper's top
Beginner rumble greegree
Beginner wand
Beginner's tackle box
Bellator vestige
Berserker necklace ornament kit
Berserker ring
Big banana
Big bass
Big harpoonfish
Big pirate hat
Big shark
Big swordfish
Blabberbeak
Black beret
Black boater
Black boots
Black cane
Black cat
Black cavalier
Black d'hide body (g)
Black d'hide body (t)
Black d'hide chaps (g)
Black d'hide chaps (t)
Black defender
Black demon mask
Black demonical mask
Black demonical slayer helm
Black dragon mask
Black elegant legs
Black elegant shirt
Black full helm (g)
Black full helm (t)
Black headband
Black helm (h1)
Black helm (h2)
Black helm (h3)
Black helm (h4)
Black helm (h5)
Black kiteshield (g)
Black kiteshield (t)
Black kitten
Black leprechaun hat
Black locks
Black mask (10)
Black naval shirt
Black navy slacks
Black pickaxe
Black platebody (g)
Black platebody (h1)
Black platebody (h2)
Black platebody (h3)
Black platebody (h4)
Black platebody (h5)
Black platebody (t)
Black platelegs (g)
Black platelegs (t)
Black plateskirt (g)
Black plateskirt (t)
Black satchel
Black shield (h1)
Black shield (h2)
Black shield (h3)
Black shield (h4)
Black shield (h5)
Black skirt (g)
Black skirt (t)
Black tourmaline core
Black tricorn hat
Black unicorn mask
Black wizard hat (g)
Black wizard hat (t)
Black wizard robe (g)
Black wizard robe (t)
Blacksmith's helm
Blightbrand
Blood dye
Blood quartz
Blood shard
Bloodhound
Bloodsoaked feather
Bloodveld mask
Bloodveld slayer helm
Bloody notes
Bludgeon axon
Bludgeon claw
Bludgeon spine
Blue beret
Blue boater
Blue d'hide body (g)
Blue d'hide body (t)
Blue d'hide chaps (g)
Blue d'hide chaps (t)
Blue dark bow paint
Blue dragon mask
Blue elegant blouse
Blue elegant legs
Blue elegant shirt
Blue elegant skirt
Blue firelighter
Blue headband
Blue naval shirt
Blue navy slacks
Blue rum (trouble brewing)
Blue skirt (g)
Blue skirt (t)
Blue tricorn hat
Blue wizard hat (g)
Blue wizard hat (t)
Blue wizard robe (g)
Blue wizard robe (t)
Blueberry parasol
Bluey
Bob's black shirt
Bob's blue shirt
Bob's green shirt
Bob's purple shirt
Bob's red shirt
Bolt rack
Boon of ancient energy
Boon of bright energy
Boon of brilliant energy
Boon of elder energy
Boon of flickering energy
Boon of gleaming energy
Boon of glowing energy
Boon of incandescent energy
Boon of luminous energy
Boon of lustrous energy
Boon of radiant energy
Boon of sparkling energy
Boon of vibrant energy
Boots of darkness
Boots of the eye
Bottom of sceptre
Bottomless compost bucket
Bowl wig
Bracelet of ethereum (uncharged)
Brackish blade
Brain lee
Brassica halo
Brawler's hook necklace
Breach of the scarab
Briefcase
Bright energy
Brilliant energy
Brimhaven graceful boots
Brimhaven graceful cape
Brimhaven graceful gloves
Brimhaven graceful hood
Brimhaven graceful legs
Brimhaven graceful top
Brine sabre
Brock
Broken dragon hasta
Broken dwarven warhammer
Bronze boots
Bronze defender
Bronze dragon mask
Bronze fist flag
Bronze full helm (g)
Bronze full helm (t)
Bronze kiteshield (g)
Bronze kiteshield (t)
Bronze locks
Bronze platebody (g)
Bronze platebody (t)
Bronze platelegs (g)
Bronze platelegs (t)
Bronze plateskirt (g)
Bronze plateskirt (t)
Brown cat
Brown headband
Brown kitten
Brown naval shirt
Brown navy slacks
Brown tricorn hat
Bruce
Bruma torch
Bryophyta's essence
Bucket helm
Bucket helm (g)
Builders supply crate
Burnt page
Butch
Cabbage round shield
Cache of runes
Cache portent
Callisto cub
Camo bottoms
Camo helmet
Camo top
Cape of skulls
Cape pouch
Carpenter's boots
Carpenter's helmet
Carpenter's shirt
Carpenter's trousers
Castle wars cape (advanced)
Castle wars cape (beginner)
Castle wars cape (expert)
Castle wars cape (intermediate)
Castle wars cape (legend)
Cat mask
Catalytic talisman
Celestial ring (uncharged)
Champion's cape
Champion's tackle box
Chaotic crossbow
Chaotic longsword
Chaotic maul
Chaotic rapier
Chaotic remnant
Chaotic staff
Charge dragonstone jewellery scroll
Charged ice
Chewed bones
Chincannon
Chompy bird hat (bowman)
Chompy bird hat (bowmaster)
Chompy bird hat (dragon archer)
Chompy bird hat (expert dragon archer)
Chompy bird hat (expert ogre dragon archer)
Chompy bird hat (expert)
Chompy bird hat (forester)
Chompy bird hat (marksman)
Chompy bird hat (ogre bowman)
Chompy bird hat (ogre bowmaster)
Chompy bird hat (ogre dragon archer)
Chompy bird hat (ogre expert)
Chompy bird hat (ogre forester)
Chompy bird hat (ogre marksman)
Chompy bird hat (ogre woodsman)
Chompy bird hat (ogre yeoman)
Chompy bird hat (woodsman)
Chompy bird hat (yeoman)
Chompy chick
Chromium ingot
Claws of callisto
Climbing boots (g)
Clothes pouch blueprint
Clothing Mystery Box
Clown set
Clue bag
Clue hunter boots
Clue hunter cloak
Clue hunter garb
Clue hunter gloves
Clue hunter trousers
Clue upgrader
Coal
Coal bag
Coal stone spirit
Cockatrice head
Cockatrice mask
Cockatrice slayer helm
Coconut parasol
Cogsworth
Coins
Colossal blade
Commander boots
Commander cap
Commander gloves
Commander top
Commander trousers
Contest rod
Copper stone spirit
Craw's bow (u)
Crawling hand
Crawling hand mask
Crawling hand slayer helm
Crier bell
Crier coat
Crier hat
Crush
Crystal armour seed
Crystal axe
Crystal grail
Crystal harpoon
Crystal pickaxe
Crystal tangleroot
Crystal tool seed
Crystal weapon seed
Cursed onyx
Cursed phalanx
Curved bone
Cutthroat flag
Cyclops head
Daemonheim agility pass
Dagannoth mask
Dagannoth slayer helm
Dark acorn
Dark beast mask
Dark beast slayer helm
Dark bow
Dark bow tie
Dark cavalier
Dark claw
Dark crystal
Dark dye
Dark infinity colour kit
Dark relic
Dark Temple key
Dark totem
Dark totem base
Dark totem middle
Dark totem top
Dark trousers
Dark tuxedo cuffs
Dark tuxedo jacket
Dark tuxedo shoes
Deadman's cape
Deadman's chest
Deadman's legs
Deathtouched dart
Decorative magic hat
Decorative magic robe
Decorative magic top
Decorative quiver
Decorative ranged legs
Decorative ranged top
Deerstalker
Demon feet
Demon statuette
Demonic jibwings
Demonic jibwings (e)
Detective hat
Detective pants
Detective trenchcoat
Dexterous prayer scroll
Dharok's greataxe
Dharok's helm
Dharok's platebody
Dharok's platelegs
Digsite teleport
Dinh's bulwark
Divine egg
Divine hand
Divine ring
Divine sigil
Diviner's footwear
Diviner's handwear
Diviner's headwear
Diviner's legwear
Diviner's robe
Doopy
Double ammo mould
Doug
Draconic visage
Dragon 2h sword
Dragon axe
Dragon bones
Dragon boots
Dragon boots ornament kit
Dragon cane
Dragon chainbody
Dragon chainbody ornament kit
Dragon claw
Dragon claws
Dragon defender
Dragon defender ornament kit
Dragon egg
Dragon full helm
Dragon full helm ornament kit
Dragon harpoon
Dragon hunter crossbow
Dragon hunter lance
Dragon igne armor
Dragon igne claws
Dragon kiteshield ornament kit
Dragon knife
Dragon legs/skirt ornament kit
Dragon limbs
Dragon metal lump
Dragon metal slice
Dragon pickaxe
Dragon pickaxe (broken)
Dragon pickaxe upgrade kit
Dragon platebody ornament kit
Dragon scimitar ornament kit
Dragon spear
Dragon sq shield ornament kit
Dragon sword
Dragon thrownaxe
Dragon warhammer
Dragonbone necklace
Dragonbone upgrade kit
Dragonfruit tangleroot
Dragonstone boots
Dragonstone full helm
Dragonstone gauntlets
Dragonstone platebody
Dragonstone platelegs
Dragonstone upgrade kit
Drake's claw
Drake's tooth
Drygore axe
Drygore igne armor
Drygore igne claws
Drygore longsword
Drygore mace
Drygore rapier
Drygore saw
Dual sai
Dungeon portent
Dungeoneering dye
Dust battlestaff
Dust devil mask
Dust devil slayer helm
Dwarven blessing
Dwarven crate
Dwarven gauntlets
Dwarven greataxe
Dwarven greathammer
Dwarven igne armor
Dwarven igne claws
Dwarven knife
Dwarven ore
Dwarven pickaxe
Dwarven toolkit
Eagle egg
Earth warrior champion scroll
Echo
Ectoplasmator
Ecumenical key
Elder chaos hood
Elder chaos robe
Elder chaos top
Elder energy
Elder knowledge
Elder maul
Elder pouch
Elder rumble greegree
Elder talisman
Elder thread
Eldritch orb
Elidinis' ward
Elite black knight helm
Elite black knight kiteshield
Elite black knight platebody
Elite black knight platelegs
Elite black knight sword
Elite void robe
Elite void top
Elven signet
Elysian sigil
Enchanted hat
Enchanted robe
Enchanted top
Enhanced crystal teleport seed
Enhanced crystal weapon seed
Ent hide
Equippable mystery box
Eternal crystal
Eternal gem
Evil chicken feet
Evil chicken head
Evil chicken legs
Evil chicken wings
Executioner's axe head
Experimental note
Expert mining gloves
Expert ninja rumble greegree
Explorer backpack
Eye of the corruptor
Eye of the duke
Fancy tiara
Fangs of venenatis
Farmer's boots
Farmer's boro trousers
Farmer's jacket
Farmer's shirt
Farmer's strawhat
Farseer kiteshield
Farsight snapshot necklace
Fedora
Feldip hills teleport
Felling axe handle
Fighter hat
Fighter torso
Fine cloth
Fire cape
First age amulet
First age bracelet
First age cape
First age ring
First age robe bottom
First age robe top
First age tiara
Fish barrel
Fish sack
Fishing boots
Fishing hat
Fishing jacket
Fishing waders
Fist of guthix token
Flame gloves
Flamtaer bag
Flared trousers
Fletcher's boots
Fletcher's gloves
Fletcher's hat
Fletcher's legs
Fletcher's top
Flickering energy
Flippers
Forestry boots
Forestry hat
Forestry legs
Forestry top
Fox whistle
Fremennik kilt
Frog slippers
Frog token
Frostbite
Frozen cache
Frozen key
Frozen tablet
Frozen whip mix
Fungo
Funky shaped log
Fury ornament kit
Fuzzy dice
Ganodermic boots
Ganodermic flake
Ganodermic gloves
Ganodermic mask
Ganodermic slayer helm
Gargoyle mask
Gargoyle slayer helm
Gary
Gauntlet cape
Gem bag
Ghoul champion scroll
Ghrazi rapier
Giant boot
Giant champion scroll
Giant egg sac(full)
Giant key
Giant pouch
Giant squirrel
Giant's hand
Gilded 2h sword
Gilded axe
Gilded boots
Gilded chainbody
Gilded coif
Gilded d'hide body
Gilded d'hide chaps
Gilded d'hide vambraces
Gilded full helm
Gilded hasta
Gilded kiteshield
Gilded med helm
Gilded pickaxe
Gilded platebody
Gilded platelegs
Gilded plateskirt
Gilded scimitar
Gilded smile flag
Gilded spade
Gilded spear
Gilded sq shield
Gleaming energy
Gloves of darkness
Gloves of silence
Glowing energy
Gnome goggles
Gnome scarf
Gnomish firelighter
Goblin champion scroll
Goblin mask
Godsword shard 1
Godsword shard 2
Godsword shard 3
Gold decorative body
Gold decorative boots
Gold decorative full helm
Gold decorative helm
Gold decorative legs
Gold decorative shield
Gold decorative skirt
Gold decorative sword
Gold elegant blouse
Gold elegant legs
Gold elegant shirt
Gold elegant skirt
Gold headband
Gold locks
Gold ore
Gold satchel
Gold stone spirit
Golden apron
Golden armadyl special attack
Golden bandos special attack
Golden chef's hat
Golden fishing trophy
Golden naval shirt
Golden navy slacks
Golden nugget
Golden pheasant egg
Golden saradomin special attack
Golden tench
Golden tricorn hat
Golden zamorak special attack
Gorajan archer boots
Gorajan archer gloves
Gorajan archer helmet
Gorajan archer legs
Gorajan archer top
Gorajan bonecrusher (u)
Gorajan igne armor
Gorajan igne claws
Gorajan occult boots
Gorajan occult gloves
Gorajan occult helmet
Gorajan occult legs
Gorajan occult top
Gorajan shards
Gorajan warrior boots
Gorajan warrior gloves
Gorajan warrior helmet
Gorajan warrior legs
Gorajan warrior top
Gorajian mushroom
Gorilla rumble greegree
Graceful boots
Graceful cape
Graceful gloves
Graceful hood
Graceful legs
Graceful portent
Graceful top
Grand crystal acorn
Grand seed pod
Granite body
Granite boots
Granite clamp
Granite dust
Granite gloves
Granite hammer
Granite helm
Granite legs
Granite longsword
Granite maul
Granite ring
Grape parasol
Greater demon mask
Green boater
Green d'hide body (g)
Green d'hide body (t)
Green d'hide chaps (g)
Green d'hide chaps (t)
Green dark bow paint
Green dragon mask
Green elegant blouse
Green elegant legs
Green elegant shirt
Green elegant skirt
Green firelighter
Green headband
Green naval shirt
Green navy slacks
Green satchel
Green tricorn hat
Grey and black cat
Grey and black kitten
Grey and blue cat
Grey and blue kitten
Grey and brown cat
Grey and brown kitten
Grey naval shirt
Grey navy slacks
Grey tricorn hat
Gricoller's can
Grifolic flake
Grifolic gloves
Grifolic orb
Guardian's eye
Guthan's chainskirt
Guthan's helm
Guthan's platebody
Guthan's warspear
Guthix bracers
Guthix chaps
Guthix cloak
Guthix coif
Guthix crozier
Guthix d'hide body
Guthix d'hide boots
Guthix d'hide shield
Guthix egg
Guthix engram
Guthix full helm
Guthix halo
Guthix kiteshield
Guthix mitre
Guthix page 1
Guthix page 2
Guthix page 3
Guthix page 4
Guthix platebody
Guthix platelegs
Guthix plateskirt
Guthix raptor
Guthix robe legs
Guthix robe top
Guthix stole
Guthixian icon
Half moon spectacles
Hallowed focus
Hallowed grapple
Hallowed hammer
Hallowed mark
Hallowed ring
Hallowed symbol
Hallowed token
Ham joint
Hammy
Harmonised orb
Harry
Hastily scrawled note
Hat of the eye
Head of TzKal Zuk
Healer hat
Heavy frame
Hellpuppy
Helm of raedwald
Herb sack
Herb tangleroot
Herbert
Herbi
Herbicide
Heron
Hespori seed
Highwayman mask
Hill giant club
Hobgoblin champion scroll
Holiday Mystery Box
Holy blessing
Holy elixir
Holy ornament kit
Holy sandals
Holy wraps
Honourable blessing
Hood of darkness
Hosidius banner
Hosidius blueprints
Hosidius hood
Hosidius scarf
Huge lamp
Hydra leather
Hydra tail
Hydra's claw
Hydra's eye
Hydra's fang
Hydra's heart
Iasor seed
Ice dye
Ice quartz
Icthlarin's shroud (tier 1)
Icthlarin's shroud (tier 2)
Icthlarin's shroud (tier 3)
Icthlarin's shroud (tier 4)
Icthlarin's shroud (tier 5)
Igne gear frame
Ignecarus dragonclaw
Ignecarus mask
Ignecarus scales
Ignis ring
Ikkle hydra
Imbued heart
Imcando hammer
Imp champion scroll
Imp mask
Impling locator
Incandescent energy
Infernal cape
Infernal core
Inferno adze
Infinity boots
Infinity bottoms
Infinity gloves
Infinity hat
Infinity top
Inquisitor's great helm
Inquisitor's hauberk
Inquisitor's mace
Inquisitor's plateskirt
Intermediate rumble greegree
Intricate pouch
Inventors tools
Inventors' backpack
Inventors' boots
Inventors' gloves
Inventors' helmet
Inventors' legs
Inventors' torso
Iorwerth camp teleport
Iron boots
Iron defender
Iron dragon mask
Iron full helm (g)
Iron full helm (t)
Iron kiteshield (g)
Iron kiteshield (t)
Iron platebody (g)
Iron platebody (t)
Iron platelegs (g)
Iron platelegs (t)
Iron plateskirt (g)
Iron plateskirt (t)
Iron stone spirit
Ishi
Ivy seed
Jal-MejJak
Jal-nib-rek
Jar of chemicals
Jar of darkness
Jar of decay
Jar of dirt
Jar of dreams
Jar of eyes
Jar of magic
Jar of memories
Jar of miasma
Jar of sand
Jar of smoke
Jar of souls
Jar of spirits
Jar of stone
Jar of swamp
Jelly mask
Jelly slayer helm
Jester cape
Jewel of the sun
Jogre champion scroll
Jolly roger cape
Jungle demon mask
Justiciar chestguard
Justiciar faceguard
Justiciar igne armor
Justiciar legguards
Juvenile guthix raptor
Juvenile saradomin owl
Juvenile zamorak hawk
Kalphite princess
Karambinana
Karamjan monkey
Karil's coif
Karil's crossbow
Karil's leatherskirt
Karil's leathertop
Katana
Kbd heads
Key master teleport
Klik
Kodai insignia
Korulsi seed
Kovac's grog
Kq head
Kraken tentacle
Kronos seed
Kruk jr
Kurask head
Kurask mask
Kurask slayer helm
Kyatt hat
Kyatt legs
Kyatt top
Large lamp
Large pouch
Large water container
Lava dragon mask
Lava staff upgrade kit
Leaf-bladed battleaxe
Leaf-bladed sword
Leather body (g)
Leather chaps (g)
Lederhosen hat
Lederhosen shorts
Lederhosen top
Left eye patch
Left skull half
Leggings (green)
Leggings (maroon)
Leggings (yellow)
Lemon parasol
Leprechaun hat
Lesser demon champion scroll
Lesser demon mask
Leviathan's lure
Light bow tie
Light frame
Light infinity colour kit
Light trousers
Light tuxedo cuffs
Light tuxedo jacket
Light tuxedo shoes
Lightbearer
Lil Lamb
Lil' bloat
Lil' creator
Lil' maiden
Lil' nylo
Lil' sot
Lil' xarp
Lil' zik
Lil'viathan
Little nightmare
Log basket
Log brace
Long bone
Lord marshal boots
Lord marshal cap
Lord marshal gloves
Lord marshal top
Lord marshal trousers
Lost bag
Lovakengj banner
Lovakengj hood
Lovakengj scarf
Lucky portent
Lucky shot flag
Lumberjack boots
Lumberjack hat
Lumberjack legs
Lumberjack top
Lumberyard teleport
Luminous energy
Lunar isle teleport
Lunite
Lustrous energy
Lychee seed
Mage's book
Magic cat
Magic comp bow
Magic crate
Magic fang
Magic kitten
Magical artifact
Magma mutagen
Magus scroll
Magus vestige
Malediction shard 1
Malediction shard 2
Malediction shard 3
Malygos mask
Mango seed
Maniacal monkey
Marimbo statue
Mark of grace
Mask of ranul
Masori body
Masori chaps
Masori crafting kit
Masori mask
Master hammer and chisel
Master runecrafter boots
Master runecrafter hat
Master runecrafter robe
Master runecrafter skirt
Master scroll book (empty)
Master wand
Materials bag
Mecha mortar
Mecha rod
Medium pouch
Menaphite ornament kit
Merfolk trident
Metamorphic dust
Mime boots
Mime gloves
Mime legs
Mime mask
Mime top
Mini akumu
Mini moktang
Mining gloves
Mint cake
Mist battlestaff
Mithril boots
Mithril defender
Mithril dragon mask
Mithril full helm (g)
Mithril full helm (t)
Mithril kiteshield (g)
Mithril kiteshield (t)
Mithril platebody (g)
Mithril platebody (t)
Mithril platelegs (g)
Mithril platelegs (t)
Mithril plateskirt (g)
Mithril plateskirt (t)
Mithril stone spirit
Mole claw
Mole skin
Mole slippers
Monk's robe (g)
Monk's robe (t)
Monk's robe top (g)
Monk's robe top (t)
Monkey crate
Monkey dye
Monkey egg
Monkey tail
Monocle
Moondash charm
Moonlight essence
Moonlight mutator
Mort'ton teleport
Mos le'harmless teleport
Mossy key
Mr. E
Mud battlestaff
Mudskipper hat
Mummy's body
Mummy's feet
Mummy's hands
Mummy's head
Mummy's legs
Muphin
Musketeer hat
Musketeer pants
Musketeer tabard
Musty smelling note
Mycelium leggings web
Mycelium poncho web
Mycelium visor web
Mysterious page 1
Mysterious page 2
Mysterious page 3
Mysterious page 4
Mysterious page 5
Mysterious seed
Mystic boots (dark)
Mystic boots (dusk)
Mystic boots (light)
Mystic gloves (dark)
Mystic gloves (dusk)
Mystic gloves (light)
Mystic hat (dark)
Mystic hat (dusk)
Mystic hat (light)
Mystic robe bottom (dark)
Mystic robe bottom (dusk)
Mystic robe bottom (light)
Mystic robe top (dark)
Mystic robe top (dusk)
Mystic robe top (light)
Nardah teleport
Navy cavalier
Neem drupe
Nexling
Nexterminator
Nightmare staff
Nightmarish ashes
Nihil horn
Nihil shard
Ninja rumble greegree
Noom
Noon
Nunchaku
Obis
Obsidian cape
Obsidian cape (r)
Obsidian helmet
Obsidian platebody
Obsidian platelegs
Occult necklace
Occult ornament kit
Oceanic dye
Oceanic relic
Oceanic shroud (tier 1)
Oceanic shroud (tier 2)
Oceanic shroud (tier 3)
Oceanic shroud (tier 4)
Oceanic shroud (tier 5)
Octo
Odium shard 1
Odium shard 2
Odium shard 3
Offhand Chaotic crossbow
Offhand Chaotic longsword
Offhand Chaotic rapier
Offhand dragon claw
Offhand drygore longsword
Offhand drygore mace
Offhand drygore rapier
Old demon mask
Old writing
Olmlet
Onyx
Orange boater
Orange egg sac
Ore pack (Giant's Foundry)
Ori
Ornate maul handle
Osmumten's fang
Pacifist hunting portent
Pale energy
Pantaloons
Paragraph of text
Parasitic egg
Partial note
Peaceful blessing
Pearl
Pearl barbarian rod
Pearl fishing rod
Pearl fly fishing rod
Pegasian crystal
Peky
Penance gloves
Penance skirt
Penguin mask
Perfect chitin
Pernix body (broken)
Pernix boots (broken)
Pernix chaps (broken)
Pernix cowl (broken)
Pernix gloves (broken)
Pest control teleport
Pet chaos elemental
Pet dagannoth prime
Pet dagannoth rex
Pet dagannoth supreme
Pet dark core
Pet general graardor
Pet k'ril tsutsaroth
Pet kraken
Pet kree'arra
Pet Mystery Box
Pet penance queen
Pet smoke devil
Pet snakeling
Pet zilyana
Petal garland
Pharaoh's sceptre
Phasmatys flag
Pheasant boots
Pheasant cape
Pheasant hat
Pheasant legs
Phoenix
Phoenix eggling
Pink boater
Pink elegant blouse
Pink elegant legs
Pink elegant shirt
Pink elegant skirt
Pink headband
Pirate's hat
Pirate's hook
Piscarilius banner
Piscarilius hood
Piscarilius scarf
Piscatoris teleport
Pith helmet
Plain satchel
Plank sack
Plopper
Polypore spore
Portable tanner
Primordial crystal
Prince black dragon
Princely monkey
Professional tackle box
Prospector boots
Prospector helmet
Prospector jacket
Prospector legs
Pufferfish
Purple boater
Purple elegant blouse
Purple elegant legs
Purple elegant shirt
Purple elegant skirt
Purple firelighter
Purple naval shirt
Purple navy slacks
Purple sweets
Purple tricorn hat
Pyromancer boots
Pyromancer garb
Pyromancer hood
Pyromancer robe
Queen black dragonling
Quick trap
Radiant energy
Rain bow
Ranger boots
Ranger gloves
Ranger hat
Rangers' tights
Rangers' tunic
Raven
Rebirth portent
Red beret
Red boater
Red cavalier
Red d'hide body (g)
Red d'hide body (t)
Red d'hide chaps (g)
Red d'hide chaps (t)
Red decorative body
Red decorative boots
Red decorative full helm
Red decorative helm
Red decorative legs
Red decorative shield
Red decorative skirt
Red decorative sword
Red dragon mask
Red elegant blouse
Red elegant legs
Red elegant shirt
Red elegant skirt
Red firelighter
Red headband
Red naval shirt
Red navy slacks
Red rum (trouble brewing)
Red satchel
Red soul cape
Red tricorn hat
Redwood tangleroot
Remnant of akkha
Remnant of ba-ba
Remnant of kephri
Remnant of zebak
Remy
Revenant cave teleport
Revenant ether
Rift guardian
Right skull half
Ring of 3rd age
Ring of coins
Ring of endurance (uncharged)
Ring of fire
Ring of luck
Ring of nature
Ring of the elements
Ring of the gods
Ringmaster set
Robe bottom of darkness
Robe bottoms of the eye
Robe top of darkness
Robe top of the eye
Robin hood hat
RoboFlappy
Rock golem
Rocky
Rogue boots
Rogue gloves
Rogue mask
Rogue top
Rogue trousers
Rogues portent
Royal bolt stabiliser
Royal crown
Royal dragon kiteshield
Royal dragonhide
Royal frame
Royal gown bottom
Royal gown top
Royal sceptre
Royal sight
Royal torsion spring
Ruined dragon armour lump
Ruined dragon armour shard
Ruined dragon armour slice
Rumble token
Rune berserker shield
Rune boots
Rune cane
Rune defender
Rune defender ornament kit
Rune dragon mask
Rune full helm (g)
Rune full helm (t)
Rune helm (h1)
Rune helm (h2)
Rune helm (h3)
Rune helm (h4)
Rune helm (h5)
Rune kiteshield (g)
Rune kiteshield (t)
Rune platebody (g)
Rune platebody (h1)
Rune platebody (h2)
Rune platebody (h3)
Rune platebody (h4)
Rune platebody (h5)
Rune platebody (t)
Rune platelegs (g)
Rune platelegs (t)
Rune plateskirt (g)
Rune plateskirt (t)
Rune satchel
Rune scimitar ornament kit (guthix)
Rune scimitar ornament kit (saradomin)
Rune scimitar ornament kit (zamorak)
Rune shield (h1)
Rune shield (h2)
Rune shield (h3)
Rune shield (h4)
Rune shield (h5)
Rune spikeshield
Runite igne claws
Runite ore
Runite stone spirit
Runner boots
Runner hat
Sagacious spectacles
Samurai boots
Samurai gloves
Samurai greaves
Samurai kasa
Samurai shirt
Sandwich lady bottom
Sandwich lady hat
Sandwich lady top
Sandy
Sanguine dust
Sanguine ornament kit
Sanguinesti staff (uncharged)
Sarachnis cudgel
Saradomin banner
Saradomin bracers
Saradomin castlewars cloak
Saradomin castlewars hood
Saradomin chaps
Saradomin cloak
Saradomin coif
Saradomin crozier
Saradomin d'hide body
Saradomin d'hide boots
Saradomin d'hide shield
Saradomin egg
Saradomin full helm
Saradomin godsword ornament kit
Saradomin halo
Saradomin hilt
Saradomin kiteshield
Saradomin mitre
Saradomin owl
Saradomin page 1
Saradomin page 2
Saradomin page 3
Saradomin page 4
Saradomin platebody
Saradomin platelegs
Saradomin plateskirt
Saradomin robe legs
Saradomin robe top
Saradomin stole
Saradomin sword
Saradomin's light
Scarred tablet
Scorpia's offspring
Scribbled note
Scroll of cleansing
Scroll of dexterity
Scroll of efficiency
Scroll of farming
Scroll of life
Scroll of longevity
Scroll of mystery
Scroll of proficiency
Scroll of teleportation
Scroll of the hunt
Scruffy
Scurrius' spine
Scurry
Scythe of vitur (uncharged)
Seamonkey staff (t1)
Seamonkey staff (t2)
Seamonkey staff (t3)
Seed box
Seercull
Seers ring
Seren halo
Serpentine visage
Shadow dye
Shadow quartz
Shaman mask
Shark jaw
Shark tooth
Shayzien banner
Shayzien body (5)
Shayzien boots (1)
Shayzien boots (2)
Shayzien boots (3)
Shayzien boots (4)
Shayzien boots (5)
Shayzien gloves (1)
Shayzien gloves (2)
Shayzien gloves (3)
Shayzien gloves (4)
Shayzien gloves (5)
Shayzien greaves (1)
Shayzien greaves (2)
Shayzien greaves (3)
Shayzien greaves (4)
Shayzien greaves (5)
Shayzien helm (1)
Shayzien helm (2)
Shayzien helm (3)
Shayzien helm (4)
Shayzien helm (5)
Shayzien hood
Shayzien platebody (1)
Shayzien platebody (2)
Shayzien platebody (3)
Shayzien platebody (4)
Shayzien scarf
Shelldon
Shield left half
Shirt (female, green)
Shirt (female, maroon)
Shirt (female, yellow)
Shirt (male, green)
Shirt (male, maroon)
Shirt (male, yellow)
Shoes (female, flats)
Shoes (female, straps)
Shoes (male, boots)
Shoes (male, shoes)
Short note
Shoulder parrot
Silver locks
Silver stone spirit
Silverhawk boots
Sinhaza shroud tier 1
Sinhaza shroud tier 2
Sinhaza shroud tier 3
Sinhaza shroud tier 4
Sinhaza shroud tier 5
Siren's staff
Sirenic tablet
Skeletal visage
Skeleton champion scroll
Skeleton monkey
Skipper
Skirt (green)
Skirt (maroon)
Skirt (yellow)
Skotos
Skull of vet'ion
Sleeping cap
Slepey tablet
Small lamp
Small pouch
Smithing catalyst
Smiths boots
Smiths gloves
Smiths trousers
Smiths tunic
Smoke battlestaff
Smoke quartz
Smolcano
Smouldering stone
Soaked page
Solite
Sparkling energy
Spectral sigil
Spellbound ring
Spiders leg bottom
Spiked manacles
Spirit angler boots
Spirit angler headband
Spirit angler top
Spirit angler waders
Spirit flakes
Spirit shield
Spiritual mining portent
Spotted cape
Spottier cape
Squid dye
Sraracha
Staff of bob the cat
Staff of the dead
Stale baguette
Standard tackle box
Star fragment
Stealing creation token
Steam battlestaff
Steam staff upgrade kit
Steel boots
Steel defender
Steel dragon mask
Steel full helm (g)
Steel full helm (t)
Steel kiteshield (g)
Steel kiteshield (t)
Steel locks
Steel platebody (g)
Steel platebody (t)
Steel platelegs (g)
Steel platelegs (t)
Steel plateskirt (g)
Steel plateskirt (t)
Steve
Strange old lockpick
Strangled tablet
Strawberry parasol
Strength amulet (t)
Studded body (g)
Studded body (t)
Studded chaps (g)
Studded chaps (t)
Sturdy beehive parts
Sun-metal scraps
Superior bonecrusher
Superior dwarf multicannon
Superior inferno adze
Superior mining gloves
Swift blade
Tackle box
Tai bwo wannai teleport
Takon
Tan cavalier
Tangleroot
Tanzanite fang
Tanzanite mutagen
Tarnished locket
Tattered robes of Vasa
Tattered tome
Tea flask
Teacher wand
Team cape i
Team cape x
Team cape zero
Thammaron's sceptre (u)
The stuff
Thieving bag
Third age dye
Thread of elidinis
Tin stone spirit
Tiny lamp
Tiny tempor
Toktz-ket-xil
Toktz-mej-tal
Toktz-xil-ak
Toktz-xil-ek
Toktz-xil-ul
Tombshroom spore
Tome of fire
Tome of water (empty)
Top hat
Top of sceptre
Torag's hammers
Torag's helm
Torag's platebody
Torag's platelegs
Tormented ornament kit
Torn prayer scroll
Torture ornament kit
Torva boots (broken)
Torva full helm (broken)
Torva gloves (broken)
Torva platebody (broken)
Torva platelegs (broken)
Tradeable Mystery Box
Treasonous ring
Treasure flag
Tree wizards' journal
Trident of the seas (full)
Troll mask
Troll slayer helm
Tumeken's guardian
Tumeken's shadow (uncharged)
Twisted ancestral colour kit
Twisted bow
Twisted buckler
Twitcher's gloves
Tyrannical ring
Tzhaar-ket-om
Tzhaar-ket-om ornament kit
TzKal-Zuk's skin
Tzrek-jad
Ultor vestige
Uncharged trident
Uncut dragonstone
Uncut onyx
Uncut zenyte
Unholy blessing
Unidentified minerals
Unsired
Untradeable Mystery Box
Uri's hat
Vampyre hunter boots
Vampyre hunter cuffs
Vampyre hunter hat
Vampyre hunter legs
Vampyre hunter top
Vampyric plushie
Venator shard
Venator vestige
Venatrix eggs
Venatrix webbing
Venenatis spiderling
Verac's brassard
Verac's flail
Verac's helm
Verac's plateskirt
Vet'ion jr.
Vial of blood
Vibrant energy
Victor's cape (1)
Victor's cape (10)
Victor's cape (100)
Victor's cape (1000)
Victor's cape (50)
Victor's cape (500)
Viggora's chainmace (u)
Virtus boots (broken)
Virtus crystal
Virtus gloves (broken)
Virtus mask (broken)
Virtus robe legs (broken)
Virtus robe top (broken)
Void knight gloves
Void knight mace
Void knight robe
Void knight top
Void mage helm
Void melee helm
Void ranger helm
Void seal(8)
Voidling
Voidwaker blade
Voidwaker gem
Voidwaker hilt
Volatile orb
Volcanic dye
Volcanic igne armor
Volcanic igne claws
Volcanic mine teleport
Volcanic shards
Volcanic whip mix
Vorkath's head
Vorki
War blessing
Ward upgrade kit
Warm gloves
Warpriest of Armadyl set
Warpriest of Bandos set
Warpriest of Saradomin set
Warpriest of Zamorak set
Warrior ring
Watermelon parasol
Webshooter
White beret
White boater
White cat
White cavalier
White dark bow paint
White decorative body
White decorative boots
White decorative full helm
White decorative helm
White decorative legs
White decorative shield
White decorative skirt
White decorative sword
White elegant blouse
White elegant skirt
White firelighter
White headband
White kitten
White lily tangleroot
White unicorn mask
Willow comp bow
Wilvus
Wintertoad
Wisp
Wisp-buster
Wizard boots
Wolf cloak
Wolf mask
Wooden shield (g)
Wyvern visage
Xeric's champion
Xeric's general
Xeric's guard
Xeric's sentinel
Xeric's talisman (inert)
Xeric's warrior
Yellow dark bow paint
Yew comp bow
Youngllef
Zak
Zalcano shard
Zamorak banner
Zamorak bracers
Zamorak castlewars cloak
Zamorak castlewars hood
Zamorak chaps
Zamorak cloak
Zamorak coif
Zamorak crozier
Zamorak d'hide body
Zamorak d'hide boots
Zamorak d'hide shield
Zamorak egg
Zamorak full helm
Zamorak godsword ornament kit
Zamorak halo
Zamorak hawk
Zamorak hilt
Zamorak kiteshield
Zamorak mitre
Zamorak page 1
Zamorak page 2
Zamorak page 3
Zamorak page 4
Zamorak platebody
Zamorak platelegs
Zamorak plateskirt
Zamorak robe legs
Zamorak robe top
Zamorak stole
Zamorakian spear
Zaryte bow
Zaryte vambraces
Zealot's boots
Zealot's helm
Zealot's robe bottom
Zealot's robe top
Zenyte shard
Zippy
Zombie boots
Zombie champion scroll
Zombie gloves
Zombie head
Zombie mask
Zombie monkey
Zombie shirt
Zombie trousers
Zul-andra teleport
Zulrah's scales"
`;
